I"©'<h2 id="learning-goals">Learning Goals</h2>

<ul>
  <li>Write clear commit messages following conventions</li>
  <li>Push local branches to GitHub, open PRs with comments</li>
  <li>Merge &amp; comment on PRs</li>
</ul>

<h2 id="agenda">Agenda</h2>

<ul>
  <li>Visualizing Git &amp; GitHub</li>
  <li>Model Workflow</li>
  <li>Practice Workflow</li>
  <li>Solidify</li>
</ul>

<h2 id="vocabulary">Vocabulary</h2>
<ul>
  <li>Repo</li>
  <li>Commit</li>
  <li>Branch</li>
  <li>Pull Request (PR)</li>
  <li>Clone vs. Fork &amp; Clone</li>
</ul>

<h2 id="slides">Slides</h2>

<p>Available <a href="../slides/git_for_pairs">here</a></p>

<h2 id="warmup">WarmUp</h2>

<ul>
  <li>What is git?</li>
  <li>How does GitHub relate to git?</li>
  <li>What are the steps to creating and interacting with a repo on GitHub? How is git involved?</li>
</ul>

<h2 id="model">Model</h2>

<h3 id="creating-a-repo">Creating a repo</h3>

<p>Sometimes you will want to start with a boilerplate that you are provided with at Turing:</p>
<ul>
  <li>Click ‚Äòfork‚Äô - this copies the repo to a new repo in your name. It still shows the history of the entire project</li>
  <li>Now that you are in YOUR project on GitHub: <code class="highlighter-rouge">$ git clone &lt;SSH key&gt; project_name</code></li>
  <li><code class="highlighter-rouge">$ cd project_name</code></li>
  <li><code class="highlighter-rouge">$ git status</code>
    <ul>
      <li><em>On branch master / Your branch is up-to-date with ‚Äòorigin/master‚Äô. / nothing to commit, working tree clean</em></li>
    </ul>
  </li>
</ul>

<p>Sometimes you will want to start from scratch:</p>
<ul>
  <li><code class="highlighter-rouge">$ mkdir project_name &amp;&amp; cd project_name</code></li>
  <li><code class="highlighter-rouge">$ touch first_file.rb</code></li>
  <li><code class="highlighter-rouge">$ git init</code>
    <ul>
      <li><em>Initialized empty Git repository in /Users/user/turing_m1/project_name/.git/</em></li>
    </ul>
  </li>
  <li><code class="highlighter-rouge">$ git add first_file.rb</code></li>
  <li><code class="highlighter-rouge">$ git commit -m "Initial commit"</code>
    <ul>
      <li><em>On branch master / Initial commit / nothing to commit</em></li>
    </ul>
  </li>
  <li>Go to your GitHub account -&gt; Create A New Repository -&gt; provide a name, -&gt; click Create</li>
  <li>Follow <code class="highlighter-rouge">‚Ä¶or push an existing repository from the command line</code> directions:
    <ul>
      <li><code class="highlighter-rouge">$ git remote add origin git@github.com:ameseee/git_intro.git</code></li>
      <li><code class="highlighter-rouge">$ git push -u origin master</code></li>
    </ul>
  </li>
  <li>Refresh your GitHub repo - the changes should be reflected there now</li>
</ul>

<h3 id="saving-your-changes-as-you-go">Saving your changes as you go</h3>

<p>Just like one would frequently click ‚Äòsave‚Äô in a word document when you finish a really great paragraph that will contribute to an essay, we want to save small pieces of code that contribute to completing a project. Not only does this allow us to save changes so we don‚Äôt lose anything we worked hard on, git keeps track of the history, so we can always look back and see who worked on the project, how often, how long it took to build, etc. These little saves are called <code class="highlighter-rouge">commits</code>.</p>

<p>Commit messages should follow <a href="https://chris.beams.io/posts/git-commit/#seven-rules">these rules</a>.</p>

<p>Workflow:</p>
<ul>
  <li><code class="highlighter-rouge">$ git status</code></li>
  <li><code class="highlighter-rouge">$ git add &lt;file_name&gt;</code></li>
  <li><code class="highlighter-rouge">$ git commit -m "Add ________ functionality"</code></li>
  <li><code class="highlighter-rouge">$ git push origin master</code></li>
</ul>

<p>Want to check which remote repository you‚Äôre connected to?</p>
<ul>
  <li><code class="highlighter-rouge">$ git remote -v</code></li>
</ul>

<h3 id="keeping-your-workflow-even-more-organized-and-safe">Keeping your workflow even more organized (and safe)</h3>

<p>Commits should represent small pieces of code that fix a bug, complete functionality, write some tests, etc. Branches allows us to group a few-many commits that are related to each other. This is usually used for a bigger feature. When work is done on a branch, the master (as well as any other) branch remains unchanged. This guarantees that even if you go down a very dark a scary road, your code from earlier that day or week is still there.</p>

<p>Workflow:</p>
<ul>
  <li><code class="highlighter-rouge">$ git status</code></li>
  <li><code class="highlighter-rouge">$ git checkout -b feature_name</code>  - this creates a branch and ‚Äòchecks out‚Äô to that branch</li>
  <li>write some code</li>
  <li><code class="highlighter-rouge">$ git add &lt;file_name&gt;</code></li>
  <li><code class="highlighter-rouge">$ git commit -m "Add ________ functionality"</code></li>
  <li>write some code</li>
  <li><code class="highlighter-rouge">$ git add &lt;file_name&gt;</code></li>
  <li><code class="highlighter-rouge">$ git commit -m "Add another piece of functionality"</code></li>
  <li><code class="highlighter-rouge">$ git push origin feature_name</code></li>
  <li>At this point, GitHub knows that you‚Äôve sent this branch, with all this new code to it. It doesn‚Äôt <strong>not</strong> yet know if you truly want this on your master branch, though. You need to create a pull request - which requires quite a few steps, because GitHub is your friend and wants to make 100% sure that you are 100% sure you want to do this.</li>
</ul>

<p>Create a PR (pull request):</p>
<ul>
  <li>Navigate to the GitHub account of the project owner (you or your partner)</li>
  <li>You should see a light yellow banner on the top right corner with <branch_name> (time since it was pushed)</branch_name></li>
  <li>Click on the green icon (or click branches tab, and find the corresponding ‚ÄòNew Pull Request‚Äô button)</li>
  <li>Notice the commit message has populated the first input field. You may add any additional notes about this branch/PR in the larger text area below.</li>
  <li>Click green ‚ÄòCreate Pull Request‚Äô button</li>
  <li>STOP</li>
  <li>If you are working with a partner - your partner would need to do the rest. If you are working solo, click the green ‚ÄòMerge Pull Request‚Äô, then ‚ÄòConfirm Merge‚Äô buttons</li>
  <li>You should see a ‚ÄòPull request successfully merged and closed‚Äô message. This means your GitHub has been updated to the work from the branch you set up.</li>
</ul>

<p>WHAT IF I GET SCARED?</p>
<ul>
  <li><code class="highlighter-rouge">$ git status</code> - will tell you if you have any changed files - if they have been staged (added) or not, and more.</li>
  <li><code class="highlighter-rouge">$ git diff</code> - will show the changes you have made since last commit</li>
  <li><code class="highlighter-rouge">$ git log</code> - will show you the commits and some info about them</li>
</ul>

<h3 id="collaborating-and-more-on-keeping-workflow-organized">Collaborating and more on keeping workflow organized</h3>

<ul>
  <li>PR comments</li>
  <li>comments as reviewer to merge</li>
</ul>

<h3 id="making-sure-you-are-up-to-date">Making sure you are up-to-date</h3>
<p>After merging something on GitHub, you always want to make sure you have that latest up-to-date version of the project on your machine. Checkout to your master branch and pull from GitHub.</p>
<ul>
  <li><code class="highlighter-rouge">$ git checkout master</code></li>
  <li><code class="highlighter-rouge">$ git pull origin master</code></li>
</ul>

<h2 id="practice">Practice</h2>
<ul>
  <li>Create a new directory, make it a git repository, create a GitHub repository</li>
  <li>Checkout to a feature branch</li>
  <li>Make three changes; for each change, make a commit
    <ul>
      <li>You are ‚Äòfaking‚Äô the code, but still practice strong commit messages</li>
    </ul>
  </li>
  <li>Push feature branch to GitHub</li>
  <li>Create a PR, write a comment, merge PR</li>
</ul>

<h3 id="extension-merge-conflict-work-flow">Extension: Merge Conflict Work Flow</h3>

<ul>
  <li>Original makes a change to the line in the file</li>
  <li>Original commits changes</li>
  <li>Original pulls from branch w/ Collaborator‚Äôs changes
(<code class="highlighter-rouge">git pull origin add_content</code>)</li>
  <li>Original resolves merge conflict
(choose which version of the code you‚Äôd like to keep
 delete the code you do not want)</li>
  <li>Original commits changes
(<code class="highlighter-rouge">git status</code>
 <code class="highlighter-rouge">git add -p</code>
 ` git status<code class="highlighter-rouge">
 </code>git commit -m ‚ÄúAdd a message‚Äù`)</li>
  <li>Original switches to master (<code class="highlighter-rouge">git checkout master</code>)</li>
  <li>Original pull from master (<code class="highlighter-rouge">git pull origin master</code>)</li>
  <li>Original switches back to branch (<code class="highlighter-rouge">git checkout add_content</code>)</li>
  <li>Original merges master into branch (<code class="highlighter-rouge">git merge master</code>)</li>
  <li>Original pushes updated branch to GitHub
(<code class="highlighter-rouge">git push origin add_content</code>)</li>
  <li>Original puts in PR</li>
  <li>Collaborator comments and merges PR</li>
</ul>

<h2 id="closing">Closing</h2>

<p>Talk with partner</p>
<ul>
  <li>What are the commands to do the following:
    <ul>
      <li>Create a repo</li>
      <li>Connect a git repo to a GitHub repo</li>
      <li>Update your local git with new content</li>
      <li>Update GitHub with new content</li>
    </ul>
  </li>
  <li>What steps would you take if working with a partner on a separate computer? What are the pros/cons of this work flow?</li>
  <li>What is a merge conflict? How might you resolve a merge conflict?</li>
</ul>

<h3 id="additional-resources">Additional Resources</h3>

<p><a href="http://rogerdudler.github.io/git-guide/">Git - the Simple Guide</a>
<a href="https://git-scm.com/book/en/v2">Pro Git</a></p>
:ET